// Jest Snapshot v1, https://goo.gl/fbAQLP

exports[`mutations/updateRating should update a specific rating 1`] = `"UPDATE.helper WHERE user_id = 2 AND movie_id = 1 RETURNING *"`;
