// Jest Snapshot v1, https://goo.gl/fbAQLP

exports[`queries/ratings should get ratings for a movie 1`] = `
"
    SELECT
      r.rating,
      u.name,
      u.email 
    FROM 
      ratings AS r 
      INNER JOIN users AS u ON u.id = r.user_id
    WHERE r.movie_id = 1
  "
`;
